------- FILE vampire.asm LEVEL 1 PASS 2
      1  10002 ????						;-------------------------------------------------------------------------------
      2  10002 ????						; ATARI 2600 "Input Test" Demo
      3  10002 ????						; Stripped down version to debug movement and basic drawing.
      4  10002 ????						;-------------------------------------------------------------------------------
      5  10002 ????
      6  10002 ????				       processor	6502
      7  10002 ????
------- FILE vcs.h LEVEL 2 PASS 2
      0  10002 ????				       include	"vcs.h"	; Include VCS equates (MUST BE PRESENT AND CORRECT)
      1  10002 ????						; VCS.H
      2  10002 ????						; Version 1.05, 13/November/2003
      3  10002 ????
      4  10002 ????		00 69	    VERSION_VCS =	105
      5  10002 ????
      6  10002 ????						; THIS IS A PRELIMINARY RELEASE OF *THE* "STANDARD" VCS.H
      7  10002 ????						; THIS FILE IS EXPLICITLY SUPPORTED AS A DASM-PREFERRED COMPANION FILE
      8  10002 ????						; PLEASE DO *NOT* REDISTRIBUTE THIS FILE!
      9  10002 ????						;
     10  10002 ????						; This file defines hardware registers and memory mapping for the
     11  10002 ????						; Atari 2600. It is distributed as a companion machine-specific support package
     12  10002 ????						; for the DASM compiler. Updates to this file, DASM, and associated tools are
     13  10002 ????						; available at at http://www.atari2600.org/dasm
     14  10002 ????						;
     15  10002 ????						; Many thanks to the original author(s) of this file, and to everyone who has
     16  10002 ????						; contributed to understanding the Atari 2600.  If you take issue with the
     17  10002 ????						; contents, or naming of registers, please write to me (atari2600@taswegian.com)
     18  10002 ????						; with your views.  Please contribute, if you think you can improve this
     19  10002 ????						; file!
     20  10002 ????						;
     21  10002 ????						; Latest Revisions...
     22  10002 ????						; 1.05  13/NOV/2003	  - Correction to 1.04 - now functions as requested by MR.
     23  10002 ????						;			  - Added VERSION_VCS equate (which will reflect 100x version #)
     24  10002 ????						;			    This will allow conditional code to verify VCS.H being
     25  10002 ????						;			    used for code assembly.
     26  10002 ????						; 1.04  12/NOV/2003	 Added TIA_BASE_WRITE_ADDRESS and TIA_BASE_READ_ADDRESS for
     27  10002 ????						;			 convenient disassembly/reassembly compatibility for hardware
     28  10002 ????						;			 mirrored reading/writing differences.	This is more a
     29  10002 ????						;			 readability issue, and binary compatibility with disassembled
     30  10002 ????						;			 and reassembled sources.  Per Manuel Rotschkar's suggestion.
     31  10002 ????						; 1.03  12/MAY/2003	 Added SEG segment at end of file to fix old-code compatibility
     32  10002 ????						;			 which was broken by the use of segments in this file, as
     33  10002 ????						;			 reported by Manuel Polik on [stella] 11/MAY/2003
     34  10002 ????						; 1.02  22/MAR/2003	 Added TIMINT($285)
     35  10002 ????						; 1.01				Constant offset added to allow use for 3F-style bankswitching
     36  10002 ????						;						 - define TIA_BASE_ADDRESS as $40 for Tigervision carts, otherwise
     37  10002 ????						;						   it is safe to leave it undefined, and the base address will
     38  10002 ????						;						   be set to 0.  Thanks to Eckhard Stolberg for the suggestion.
     39  10002 ????						;			    Note, may use -DLABEL=EXPRESSION to define TIA_BASE_ADDRESS
     40  10002 ????						;			  - register definitions are now generated through assignment
     41  10002 ????						;			    in uninitialised segments.	This allows a changeable base
     42  10002 ????						;			    address architecture.
     43  10002 ????						; 1.0	22/MAR/2003		Initial release
     44  10002 ????
     45  10002 ????
     46  10002 ????						;-------------------------------------------------------------------------------
     47  10002 ????
     48  10002 ????						; TIA_BASE_ADDRESS
     49  10002 ????						; The TIA_BASE_ADDRESS defines the base address of access to TIA registers.
     50  10002 ????						; Normally 0, the base address should (externally, before including this file)
     51  10002 ????						; be set to $40 when creating 3F-bankswitched (and other?) cartridges.
     52  10002 ????						; The reason is that this bankswitching scheme treats any access to locations
     53  10002 ????						; < $40 as a bankswitch.
     54  10002 ????
     55  10002 ????			   -	       IFNCONST	TIA_BASE_ADDRESS
     56  10002 ????			   -TIA_BASE_ADDRESS =	0
     57  10002 ????				       ENDIF
     58  10002 ????
     59  10002 ????						; Note: The address may be defined on the command-line using the -D switch, eg:
     60  10002 ????						; dasm.exe code.asm -DTIA_BASE_ADDRESS=$40 -f3 -v5 -ocode.bin
     61  10002 ????						; *OR* by declaring the label before including this file, eg:
     62  10002 ????						; TIA_BASE_ADDRESS = $40
     63  10002 ????						;   include "vcs.h"
     64  10002 ????
     65  10002 ????						; Alternate read/write address capability - allows for some disassembly compatibility
     66  10002 ????						; usage ; to allow reassembly to binary perfect copies).  This is essentially catering
     67  10002 ????						; for the mirrored ROM hardware registers.
     68  10002 ????
     69  10002 ????						; Usage: As per above, define the TIA_BASE_READ_ADDRESS and/or TIA_BASE_WRITE_ADDRESS
     70  10002 ????						; using the -D command-line switch, as required.  If the addresses are not defined,
     71  10002 ????						; they defaut to the TIA_BASE_ADDRESS.
     72  10002 ????
     73  10002 ????			   -	       IFNCONST	TIA_BASE_READ_ADDRESS
     74  10002 ????			   -TIA_BASE_READ_ADDRESS =	TIA_BASE_ADDRESS
     75  10002 ????				       ENDIF
     76  10002 ????
     77  10002 ????			   -	       IFNCONST	TIA_BASE_WRITE_ADDRESS
     78  10002 ????			   -TIA_BASE_WRITE_ADDRESS =	TIA_BASE_ADDRESS
     79  10002 ????				       ENDIF
     80  10002 ????
     81  10002 ????						;-------------------------------------------------------------------------------
     82  10002 ????
     83 U002d ????				      SEG.U	TIA_REGISTERS_WRITE
     84 U0000					      ORG	TIA_BASE_WRITE_ADDRESS
     85 U0000
     86 U0000							; DO NOT CHANGE THE RELATIVE ORDERING OF REGISTERS!
     87 U0000
     88 U0000		       00	   VSYNC      ds	1	; $00	 0000 00x0   Vertical Sync Set-Clear
     89 U0001		       00	   VBLANK     ds	1	; $01	 xx00 00x0   Vertical Blank Set-Clear
     90 U0002		       00	   WSYNC      ds	1	; $02	 ---- ----   Wait for Horizontal Blank
     91 U0003		       00	   RSYNC      ds	1	; $03	 ---- ----   Reset Horizontal Sync Counter
     92 U0004		       00	   NUSIZ0     ds	1	; $04	 00xx 0xxx   Number-Size player/missle 0
     93 U0005		       00	   NUSIZ1     ds	1	; $05	 00xx 0xxx   Number-Size player/missle 1
     94 U0006		       00	   COLUP0     ds	1	; $06	 xxxx xxx0   Color-Luminance Player 0
     95 U0007		       00	   COLUP1     ds	1	; $07	 xxxx xxx0   Color-Luminance Player 1
     96 U0008		       00	   COLUPF     ds	1	; $08	 xxxx xxx0   Color-Luminance Playfield
     97 U0009		       00	   COLUBK     ds	1	; $09	 xxxx xxx0   Color-Luminance Background
     98 U000a		       00	   CTRLPF     ds	1	; $0A	 00xx 0xxx   Control Playfield, Ball, Collisions
     99 U000b		       00	   REFP0      ds	1	; $0B	 0000 x000   Reflection Player 0
    100 U000c		       00	   REFP1      ds	1	; $0C	 0000 x000   Reflection Player 1
    101 U000d		       00	   PF0	      ds	1	; $0D	 xxxx 0000   Playfield Register Byte 0
    102 U000e		       00	   PF1	      ds	1	; $0E	 xxxx xxxx   Playfield Register Byte 1
    103 U000f		       00	   PF2	      ds	1	; $0F	 xxxx xxxx   Playfield Register Byte 2
    104 U0010		       00	   RESP0      ds	1	; $10	 ---- ----   Reset Player 0
    105 U0011		       00	   RESP1      ds	1	; $11	 ---- ----   Reset Player 1
    106 U0012		       00	   RESM0      ds	1	; $12	 ---- ----   Reset Missle 0
    107 U0013		       00	   RESM1      ds	1	; $13	 ---- ----   Reset Missle 1
    108 U0014		       00	   RESBL      ds	1	; $14	 ---- ----   Reset Ball
    109 U0015		       00	   AUDC0      ds	1	; $15	 0000 xxxx   Audio Control 0
    110 U0016		       00	   AUDC1      ds	1	; $16	 0000 xxxx   Audio Control 1
    111 U0017		       00	   AUDF0      ds	1	; $17	 000x xxxx   Audio Frequency 0
    112 U0018		       00	   AUDF1      ds	1	; $18	 000x xxxx   Audio Frequency 1
    113 U0019		       00	   AUDV0      ds	1	; $19	 0000 xxxx   Audio Volume 0
    114 U001a		       00	   AUDV1      ds	1	; $1A	 0000 xxxx   Audio Volume 1
    115 U001b		       00	   GRP0       ds	1	; $1B	 xxxx xxxx   Graphics Register Player 0
    116 U001c		       00	   GRP1       ds	1	; $1C	 xxxx xxxx   Graphics Register Player 1
    117 U001d		       00	   ENAM0      ds	1	; $1D	 0000 00x0   Graphics Enable Missle 0
    118 U001e		       00	   ENAM1      ds	1	; $1E	 0000 00x0   Graphics Enable Missle 1
    119 U001f		       00	   ENABL      ds	1	; $1F	 0000 00x0   Graphics Enable Ball
    120 U0020		       00	   HMP0       ds	1	; $20	 xxxx 0000   Horizontal Motion Player 0
    121 U0021		       00	   HMP1       ds	1	; $21	 xxxx 0000   Horizontal Motion Player 1
    122 U0022		       00	   HMM0       ds	1	; $22	 xxxx 0000   Horizontal Motion Missle 0
    123 U0023		       00	   HMM1       ds	1	; $23	 xxxx 0000   Horizontal Motion Missle 1
    124 U0024		       00	   HMBL       ds	1	; $24	 xxxx 0000   Horizontal Motion Ball
    125 U0025		       00	   VDELP0     ds	1	; $25	 0000 000x   Vertical Delay Player 0
    126 U0026		       00	   VDELP1     ds	1	; $26	 0000 000x   Vertical Delay Player 1
    127 U0027		       00	   VDELBL     ds	1	; $27	 0000 000x   Vertical Delay Ball
    128 U0028		       00	   RESMP0     ds	1	; $28	 0000 00x0   Reset Missle 0 to Player 0
    129 U0029		       00	   RESMP1     ds	1	; $29	 0000 00x0   Reset Missle 1 to Player 1
    130 U002a		       00	   HMOVE      ds	1	; $2A	 ---- ----   Apply Horizontal Motion
    131 U002b		       00	   HMCLR      ds	1	; $2B	 ---- ----   Clear Horizontal Move Registers
    132 U002c		       00	   CXCLR      ds	1	; $2C	 ---- ----   Clear Collision Latches
    133 U002d
    134 U002d							;-------------------------------------------------------------------------------
    135 U002d
    136 U000e ????				      SEG.U	TIA_REGISTERS_READ
    137 U0000					      ORG	TIA_BASE_READ_ADDRESS
    138 U0000
    139 U0000							;											bit 7	 bit 6
    140 U0000		       00	   CXM0P      ds	1	; $00	     xx00 0000	     Read Collision  M0-P1   M0-P0
    141 U0001		       00	   CXM1P      ds	1	; $01	     xx00 0000			     M1-P0   M1-P1
    142 U0002		       00	   CXP0FB     ds	1	; $02	     xx00 0000			     P0-PF   P0-BL
    143 U0003		       00	   CXP1FB     ds	1	; $03	     xx00 0000			     P1-PF   P1-BL
    144 U0004		       00	   CXM0FB     ds	1	; $04	     xx00 0000			     M0-PF   M0-BL
    145 U0005		       00	   CXM1FB     ds	1	; $05	     xx00 0000			     M1-PF   M1-BL
    146 U0006		       00	   CXBLPF     ds	1	; $06	     x000 0000			     BL-PF   -----
    147 U0007		       00	   CXPPMM     ds	1	; $07	     xx00 0000			     P0-P1   M0-M1
    148 U0008		       00	   INPT0      ds	1	; $08	     x000 0000	     Read Pot Port 0
    149 U0009		       00	   INPT1      ds	1	; $09	     x000 0000	     Read Pot Port 1
    150 U000a		       00	   INPT2      ds	1	; $0A	     x000 0000	     Read Pot Port 2
    151 U000b		       00	   INPT3      ds	1	; $0B	     x000 0000	     Read Pot Port 3
    152 U000c		       00	   INPT4      ds	1	; $0C		x000 0000	 Read Input (Trigger) 0
    153 U000d		       00	   INPT5      ds	1	; $0D		x000 0000	 Read Input (Trigger) 1
    154 U000e
    155 U000e							;-------------------------------------------------------------------------------
    156 U000e
    157 U0298 ????				      SEG.U	RIOT
    158 U0280					      ORG	$280
    159 U0280
    160 U0280							; RIOT MEMORY MAP
    161 U0280
    162 U0280		       00	   SWCHA      ds	1	; $280      Port A data register for joysticks:
    163 U0281							;			Bits 4-7 for player 1.  Bits 0-3 for player 2.
    164 U0281
    165 U0281		       00	   SWACNT     ds	1	; $281      Port A data direction register (DDR)
    166 U0282		       00	   SWCHB      ds	1	; $282		Port B data (console switches)
    167 U0283		       00	   SWBCNT     ds	1	; $283      Port B DDR
    168 U0284		       00	   INTIM      ds	1	; $284		Timer output
    169 U0285
    170 U0285		       00	   TIMINT     ds	1	; $285
    171 U0286
    172 U0286							; Unused/undefined registers ($285-$294)
    173 U0286
    174 U0286		       00		      ds	1	; $286
    175 U0287		       00		      ds	1	; $287
    176 U0288		       00		      ds	1	; $288
    177 U0289		       00		      ds	1	; $289
    178 U028a		       00		      ds	1	; $28A
    179 U028b		       00		      ds	1	; $28B
    180 U028c		       00		      ds	1	; $28C
    181 U028d		       00		      ds	1	; $28D
    182 U028e		       00		      ds	1	; $28E
    183 U028f		       00		      ds	1	; $28F
    184 U0290		       00		      ds	1	; $290
    185 U0291		       00		      ds	1	; $291
    186 U0292		       00		      ds	1	; $292
    187 U0293		       00		      ds	1	; $293
    188 U0294
    189 U0294		       00	   TIM1T      ds	1	; $294		set 1 clock interval
    190 U0295		       00	   TIM8T      ds	1	; $295      set 8 clock interval
    191 U0296		       00	   TIM64T     ds	1	; $296      set 64 clock interval
    192 U0297		       00	   T1024T     ds	1	; $297      set 1024 clock interval
    193 U0298
    194 U0298							;-------------------------------------------------------------------------------
    195 U0298							; The following required for back-compatibility with code which does not use
    196 U0298							; segments.
    197 U0298
    198  0000 ????				      SEG
    199  0000 ????
    200  0000 ????						; EOF
------- FILE vampire.asm
------- FILE macro.h LEVEL 2 PASS 2
      0  0000 ????				      include	"macro.h"	; Include standard macros (MUST BE PRESENT)
      1  0000 ????						; MACRO.H
      2  0000 ????						; Version 1.06, 3/SEPTEMBER/2004
      3  0000 ????
      4  0000 ????	       00 6a	   VERSION_MACRO =	106
      5  0000 ????
      6  0000 ????						;
      7  0000 ????						; THIS FILE IS EXPLICITLY SUPPORTED AS A DASM-PREFERRED COMPANION FILE
      8  0000 ????						; PLEASE DO *NOT* REDISTRIBUTE MODIFIED VERSIONS OF THIS FILE!
      9  0000 ????						;
     10  0000 ????						; This file defines DASM macros useful for development for the Atari 2600.
     11  0000 ????						; It is distributed as a companion machine-specific support package
     12  0000 ????						; for the DASM compiler. Updates to this file, DASM, and associated tools are
     13  0000 ????						; available at at http://www.atari2600.org/dasm
     14  0000 ????						;
     15  0000 ????						; Many thanks to the people who have contributed.  If you take issue with the
     16  0000 ????						; contents, or would like to add something, please write to me
     17  0000 ????						; (atari2600@taswegian.com) with your contribution.
     18  0000 ????						;
     19  0000 ????						; Latest Revisions...
     20  0000 ????						;
     21  0000 ????						; 1.06  03/SEP/2004	 - nice revision of VERTICAL_BLANK (Edwin Blink)
     22  0000 ????						; 1.05  14/NOV/2003	 - Added VERSION_MACRO equate (which will reflect 100x version #)
     23  0000 ????						;			   This will allow conditional code to verify MACRO.H being
     24  0000 ????						;			   used for code assembly.
     25  0000 ????						; 1.04  13/NOV/2003	 - SET_POINTER macro added (16-bit address load)
     26  0000 ????						;
     27  0000 ????						; 1.03  23/JUN/2003	 - CLEAN_START macro added - clears TIA, RAM, registers
     28  0000 ????						;
     29  0000 ????						; 1.02  14/JUN/2003	 - VERTICAL_SYNC macro added
     30  0000 ????						;			   (standardised macro for vertical synch code)
     31  0000 ????						; 1.01  22/MAR/2003	 - SLEEP macro added.
     32  0000 ????						;			 - NO_ILLEGAL_OPCODES switch implemented
     33  0000 ????						; 1.0	22/MAR/2003		Initial release
     34  0000 ????
     35  0000 ????						; Note: These macros use illegal opcodes.  To disable illegal opcode usage,
     36  0000 ????						;   define the symbol NO_ILLEGAL_OPCODES (-DNO_ILLEGAL_OPCODES=1 on command-line).
     37  0000 ????						;   If you do not allow illegal opcode usage, you must include this file
     38  0000 ????						;   *after* including VCS.H (as the non-illegal opcodes access hardware
     39  0000 ????						;   registers and require them to be defined first).
     40  0000 ????
     41  0000 ????						; Available macros...
     42  0000 ????						;   SLEEP n		 - sleep for n cycles
     43  0000 ????						;   VERTICAL_SYNC	 - correct 3 scanline vertical synch code
     44  0000 ????						;   CLEAN_START	 - set machine to known state on startup
     45  0000 ????						;   SET_POINTER	 - load a 16-bit absolute to a 16-bit variable
     46  0000 ????
     47  0000 ????						;-------------------------------------------------------------------------------
     48  0000 ????						; SLEEP duration
     49  0000 ????						; Original author: Thomas Jentzsch
     50  0000 ????						; Inserts code which takes the specified number of cycles to execute.	This is
     51  0000 ????						; useful for code where precise timing is required.
     52  0000 ????						; ILLEGAL-OPCODE VERSION DOES NOT AFFECT FLAGS OR REGISTERS.
     53  0000 ????						; LEGAL OPCODE VERSION MAY AFFECT FLAGS
     54  0000 ????						; Uses illegal opcode (DASM 2.20.01 onwards).
     55  0000 ????
     56  0000 ????				      MAC	sleep
     57  0000 ????			   .CYCLES    SET	{1}
     58  0000 ????
     59  0000 ????				      IF	.CYCLES < 2
     60  0000 ????				      ECHO	"MACRO ERROR: 'SLEEP': Duration must be > 1"
     61  0000 ????				      ERR
     62  0000 ????				      ENDIF
     63  0000 ????
     64  0000 ????				      IF	.CYCLES & 1
     65  0000 ????				      IFNCONST	NO_ILLEGAL_OPCODES
     66  0000 ????				      nop	0
     67  0000 ????				      ELSE
     68  0000 ????				      bit	VSYNC
     69  0000 ????				      ENDIF
     70  0000 ????			   .CYCLES    SET	.CYCLES - 3
     71  0000 ????				      ENDIF
     72  0000 ????
     73  0000 ????				      REPEAT	.CYCLES / 2
     74  0000 ????				      nop
     75  0000 ????				      REPEND
     76  0000 ????				      ENDM		;usage: SLEEP n (n>1)
     77  0000 ????
     78  0000 ????						;-------------------------------------------------------------------------------
     79  0000 ????						; VERTICAL_SYNC
     80  0000 ????						; revised version by Edwin Blink -- saves bytes!
     81  0000 ????						; Inserts the code required for a proper 3 scanline vertical sync sequence
     82  0000 ????						; Note: Alters the accumulator
     83  0000 ????
     84  0000 ????						; OUT: A = 0
     85  0000 ????
     86  0000 ????				      MAC	vertical_sync
     87  0000 ????				      lda	#%1110	; each '1' bits generate a VSYNC ON line (bits 1..3)
     88  0000 ????			   .VSLP1     sta	WSYNC	; 1st '0' bit resets Vsync, 2nd '0' bit exit loop
     89  0000 ????				      sta	VSYNC
     90  0000 ????				      lsr
     91  0000 ????				      bne	.VSLP1	; branch until VYSNC has been reset
     92  0000 ????				      ENDM
     93  0000 ????
     94  0000 ????						;-------------------------------------------------------------------------------
     95  0000 ????						; CLEAN_START
     96  0000 ????						; Original author: Andrew Davie
     97  0000 ????						; Standardised start-up code, clears stack, all TIA registers and RAM to 0
     98  0000 ????						; Sets stack pointer to $FF, and all registers to 0
     99  0000 ????						; Sets decimal mode off, sets interrupt flag (kind of un-necessary)
    100  0000 ????						; Use as very first section of code on boot (ie: at reset)
    101  0000 ????						; Code written to minimise total ROM usage - uses weird 6502 knowledge :)
    102  0000 ????
    103  0000 ????				      MAC	clean_start
    104  0000 ????				      sei
    105  0000 ????				      cld
    106  0000 ????
    107  0000 ????				      ldx	#0
    108  0000 ????				      txa
    109  0000 ????				      tay
    110  0000 ????			   .CLEAR_STACK dex
    111  0000 ????				      txs
    112  0000 ????				      pha
    113  0000 ????				      bne	.CLEAR_STACK	; SP=$FF, X = A = Y = 0
    114  0000 ????
    115  0000 ????				      ENDM
    116  0000 ????
    117  0000 ????						;-------------------------------------------------------
    118  0000 ????						; SET_POINTER
    119  0000 ????						; Original author: Manuel Rotschkar
    120  0000 ????						;
    121  0000 ????						; Sets a 2 byte RAM pointer to an absolute address.
    122  0000 ????						;
    123  0000 ????						; Usage: SET_POINTER pointer, address
    124  0000 ????						; Example: SET_POINTER SpritePTR, SpriteData
    125  0000 ????						;
    126  0000 ????						; Note: Alters the accumulator, NZ flags
    127  0000 ????						; IN 1: 2 byte RAM location reserved for pointer
    128  0000 ????						; IN 2: absolute address
    129  0000 ????
    130  0000 ????				      MAC	set_pointer
    131  0000 ????			   .POINTER   SET	{1}
    132  0000 ????			   .ADDRESS   SET	{2}
    133  0000 ????
    134  0000 ????				      LDA	#<.ADDRESS	; Get Lowbyte of Address
    135  0000 ????				      STA	.POINTER	; Store in pointer
    136  0000 ????				      LDA	#>.ADDRESS	; Get Hibyte of Address
    137  0000 ????				      STA	.POINTER+1	; Store in pointer+1
    138  0000 ????
    139  0000 ????				      ENDM
    140  0000 ????
    141  0000 ????						;-------------------------------------------------------
    142  0000 ????						; BOUNDARY byte#
    143  0000 ????						; Original author: Denis Debro (borrowed from Bob Smith / Thomas)
    144  0000 ????						;
    145  0000 ????						; Push data to a certain position inside a page and keep count of how
    146  0000 ????						; many free bytes the programmer will have.
    147  0000 ????						;
    148  0000 ????						; eg: BOUNDARY 5    ; position at byte #5 in page
    149  0000 ????
    150  0000 ????			   .FREE_BYTES SET	0
    151  0000 ????				      MAC	boundary
    152  0000 ????				      REPEAT	256
    153  0000 ????				      IF	<. % {1} = 0
    154  0000 ????				      MEXIT
    155  0000 ????				      ELSE
    156  0000 ????			   .FREE_BYTES SET	.FREE_BYTES + 1
    157  0000 ????				      .byte	$00
    158  0000 ????				      ENDIF
    159  0000 ????				      REPEND
    160  0000 ????				      ENDM
    161  0000 ????
    162  0000 ????
    163  0000 ????						; EOF
------- FILE vampire.asm
     10  0000 ????
     11  0000 ????						;-------------------------------------------------------------------------------
     12  0000 ????						; ROM Header / Setup
     13  0000 ????						;-------------------------------------------------------------------------------
     14 U0083 ????				      seg.u	Variables	; Uninitialized RAM segment (128 bytes total)
     15 U0080					      org	$80	; Start user RAM variables here
     16 U0080
     17 U0080		       00	   PlayerX    ds	1	; Player horizontal position
     18 U0081		       00	   PlayerY    ds	1	; Player vertical position (approximate)
     19 U0082		       00	   Temp1      ds	1	; General purpose temporary variable for input
     20 U0083
     21 U0083							; --- Constants ---
     22 U0083		       00 01	   PLAYER_SPEED equ	1
     23 U0083		       00 0f	   SCREEN_LEFT equ	15
     24 U0083		       00 91	   SCREEN_RIGHT equ	145
     25 U0083		       00 1e	   SCREEN_TOP equ	30	; Approximate Y range for testing
     26 U0083		       00 b4	   SCREEN_BOTTOM equ	180
     27 U0083
     28 U0083							;-------------------------------------------------------------------------------
     29 U0083							; CODE Segment
     30 U0083							;-------------------------------------------------------------------------------
     31  10002 ????				       seg	Code
     32  f000					      org	$F000	; Standard 4K cartridge start address
     33  f000
     34  f000							;===============================================================================
     35  f000							; RESET Entry Point
     36  f000							;===============================================================================
     37  f000				   Reset
      0  f000					      CLEAN_START		; Macro to clear RAM, TIA registers, set stack pointer
      1  f000		       78		      sei
      2  f001		       d8		      cld
      3  f002
      4  f002		       a2 00		      ldx	#0
      5  f004		       8a		      txa
      6  f005		       a8		      tay
      7  f006		       ca	   .CLEAR_STACK dex
      8  f007		       9a		      txs
      9  f008		       48		      pha
     10  f009		       d0 fb		      bne	.CLEAR_STACK
     11  f00b
     39  f00b
     40  f00b							; --- Initial Game State ---
     41  f00b		       a9 50		      lda	#80	; Center player horizontally (approx)
     42  f00d		       85 80		      sta	PlayerX
     43  f00f		       a9 64		      lda	#100	; Center player vertically
     44  f011		       85 81		      sta	PlayerY
     45  f013
     46  f013							; --- Initial TIA Setup ---
     47  f013		       a9 00		      lda	#0	; Playfield control: Score=off, Reflect=off, Prio=Normal
     48  f015		       85 0a		      sta	CTRLPF
     49  f017		       a9 00		      lda	#0	; Playfield graphics all off
     50  f019		       85 0d		      sta	PF0
     51  f01b		       85 0e		      sta	PF1
     52  f01d		       85 0f		      sta	PF2
     53  f01f
     54  f01f		       a9 0e		      lda	#$0E	; Player color (e.g., white)
     55  f021		       85 06		      sta	COLUP0
     56  f023		       a9 00		      lda	#0	; Player 1 color (black - effectively invisible)
     57  f025		       85 07		      sta	COLUP1
     58  f027		       a9 00		      lda	#0	; Playfield/Ball color (black)
     59  f029		       85 08		      sta	COLUPF
     60  f02b		       a9 00		      lda	#$00	; Background color (Black)
     61  f02d		       85 09		      sta	COLUBK
     62  f02f
     63  f02f							; --- Disable Everything Else ---
     64  f02f		       a9 00		      lda	#0
     65  f031		       85 1c		      sta	GRP1	; Ensure P1 graphics are zeroed
     66  f033		       85 1d		      sta	ENAM0	; Disable Missile 0
     67  f035		       85 1e		      sta	ENAM1	; Disable Missile 1
     68  f037		       85 1f		      sta	ENABL	; Disable Ball
     69  f039
     70  f039		       a9 00		      lda	#%00000000	; Player 0 size = 1x width
     71  f03b		       85 04		      sta	NUSIZ0
     72  f03d		       a9 00		      lda	#%00000000	; Player 1 size = 1x width (though P1 won't be used)
     73  f03f		       85 05		      sta	NUSIZ1
     74  f041
     75  f041
     76  f041							;===============================================================================
     77  f041							; MAIN GAME LOOP Start
     78  f041							;===============================================================================
     79  f041				   MainLoop
     80  f041							; --- Vertical Blank Section ---
     81  f041		       a9 02		      lda	#2	; Signal start of VBLANK to TIA
     82  f043		       85 00		      sta	VSYNC
     83  f045		       85 02		      sta	WSYNC	; Wait for scanline 0
     84  f047		       85 02		      sta	WSYNC
     85  f049		       85 02		      sta	WSYNC	; 3 scanlines of VSYNC signal
     86  f04b
     87  f04b		       a9 00		      lda	#0	; End VSYNC signal
     88  f04d		       85 00		      sta	VSYNC
     89  f04f
     90  f04f							; === VBLANK Tasks ===
     91  f04f
     92  f04f							; --- Read Input ---
     93  f04f				   ReadInput
     94  f04f		       ad 80 02 	      lda	SWCHA	; Read Joystick 0 Port A ONCE (P1 Joystick)
     95  f052		       85 82		      sta	Temp1	; Store it
     96  f054
     97  f054							; Check Up (%00010000) - Bit 4
     98  f054		       a5 82		      lda	Temp1
     99  f056		       29 10		      and	#%00010000
    100  f058		       f0 08		      beq	ReadInput_NotUp
    101  f05a		       a5 81		      lda	PlayerY
    102  f05c		       c9 1e		      cmp	#SCREEN_TOP
    103  f05e		       90 02		      bcc	ReadInput_NotUp
    104  f060		       c6 81		      dec	PlayerY
    105  f062				   ReadInput_NotUp
    106  f062
    107  f062							; Check Down (%00100000) - Bit 5
    108  f062		       a5 82		      lda	Temp1
    109  f064		       29 20		      and	#%00100000
    110  f066		       f0 08		      beq	ReadInput_NotDown
    111  f068		       a5 81		      lda	PlayerY
    112  f06a		       c9 b4		      cmp	#SCREEN_BOTTOM
    113  f06c		       b0 02		      bcs	ReadInput_NotDown
    114  f06e		       e6 81		      inc	PlayerY
    115  f070				   ReadInput_NotDown
    116  f070
    117  f070							; Check Left (%01000000) - Bit 6
    118  f070		       a5 82		      lda	Temp1
    119  f072		       29 40		      and	#%01000000
    120  f074		       f0 0d		      beq	ReadInput_NotLeft
    121  f076		       a2 01		      ldx	#PLAYER_SPEED
    122  f078				   MoveLeftLoop
    123  f078		       a5 80		      lda	PlayerX
    124  f07a		       c9 0f		      cmp	#SCREEN_LEFT
    125  f07c		       90 05		      bcc	ReadInput_NotLeft
    126  f07e		       c6 80		      dec	PlayerX
    127  f080		       ca		      dex
    128  f081		       d0 f5		      bne	MoveLeftLoop
    129  f083				   ReadInput_NotLeft
    130  f083
    131  f083							; Check Right (%10000000) - Bit 7
    132  f083		       a5 82		      lda	Temp1
    133  f085		       29 80		      and	#%10000000
    134  f087		       f0 0d		      beq	ReadInput_Done
    135  f089		       a2 01		      ldx	#PLAYER_SPEED
    136  f08b				   MoveRightLoop
    137  f08b		       a5 80		      lda	PlayerX
    138  f08d		       c9 91		      cmp	#SCREEN_RIGHT
    139  f08f		       b0 05		      bcs	ReadInput_Done
    140  f091		       e6 80		      inc	PlayerX
    141  f093		       ca		      dex
    142  f094		       d0 f5		      bne	MoveRightLoop
    143  f096				   ReadInput_Done
    144  f096
    145  f096							; --- NO ENEMY OR MISSILE UPDATES ---
    146  f096
    147  f096							; --- VBLANK Wait ---
    148  f096		       a9 25		      lda	#37	; Number of VBLANK scanlines ~37 * 76 = 2812 cycles
    149  f098		       8d 96 02 	      sta	TIM64T	; Set timer for VBLANK duration (use T64)
    150  f09b
    151  f09b				   VBlankWaitLoop
    152  f09b		       ad 84 02 	      lda	INTIM	; Read Timer status
    153  f09e		       d0 fb		      bne	VBlankWaitLoop	; Loop until timer finishes
    154  f0a0
    155  f0a0		       85 02		      sta	WSYNC	; Crucial sync before kernel starts drawing
    156  f0a2
    157  f0a2							;===============================================================================
    158  f0a2							; KERNEL - Picture Drawing Routine
    159  f0a2							;===============================================================================
    160  f0a2				   DrawFrame
    161  f0a2							; Start of visible frame
    162  f0a2		       85 02		      sta	WSYNC	; Sync to start of first scanline
    163  f0a4		       85 2a		      sta	HMOVE	; Apply RESPx values stored during VBlank & clear motion registers
    164  f0a6
    165  f0a6							; --- Set Horizontal Position ---
    166  f0a6		       a5 80		      lda	PlayerX
    167  f0a8		       85 10		      sta	RESP0	; Strobe player 0 position
    168  f0aa
    169  f0aa							; --- NO ENEMY/MISSILE POSITIONING ---
    170  f0aa
    171  f0aa							; --- Visible Scanlines Loop (192 lines) ---
    172  f0aa		       a2 c0		      ldx	#192	; Number of scanlines to draw
    173  f0ac
    174  f0ac				   ScanLoop
    175  f0ac							; --- Set Object Sizes --- (Keep checking NUSIZ0 isn't corrupted)
    176  f0ac		       a9 00		      lda	#%00000000	; Player 0 size = 1x width. SET EVERY LINE FOR DEBUGGING.
    177  f0ae		       85 04		      sta	NUSIZ0
    178  f0b0							; lda #%00000000    ; Ensure P1 is 1x (though GRP1 should be 0)
    179  f0b0							; sta NUSIZ1	     ; Can uncomment if needed
    180  f0b0
    181  f0b0							; --- Player 0 Vertical Positioning / Graphics ---
    182  f0b0		       8a		      txa		; Current scanline Y (192 down to 1)
    183  f0b1		       38		      sec
    184  f0b2		       e5 81		      sbc	PlayerY	; A = Scanline - PlayerY (Result 0..7 means draw)
    185  f0b4		       c9 08		      cmp	#8	; Compare with sprite height (8 lines)
    186  f0b6		       b0 08		      bcs	BlankPlayerGfx	; If A >= 8 (Scanline is below sprite), then blank
    187  f0b8				   LoadPlayerGfx
    188  f0b8		       ad e7 f0 	      lda	PlayerShape	; Load player graphics byte
    189  f0bb		       85 1b		      sta	GRP0	; Write to player 0 graphics register
    190  f0bd		       4c c4 f0 	      jmp	EndScanlineLogic	; Skip blanking write, go directly to WSYNC
    191  f0c0				   BlankPlayerGfx
    192  f0c0		       a9 00		      lda	#0	; Outside sprite range, blank graphics
    193  f0c2		       85 1b		      sta	GRP0
    194  f0c4
    195  f0c4				   EndScanlineLogic
    196  f0c4							; --- NO ENEMY OR MISSILE GRAPHICS ---
    197  f0c4							; Ensure GRP1 and ENAMx remain 0 (should be off from Reset/VBLANK)
    198  f0c4							; lda #0
    199  f0c4							; sta GRP1
    200  f0c4							; sta ENAM0 ; Redundant if off from VBLANK clear, but safe for debug
    201  f0c4
    202  f0c4							; --- End of Scanline ---
    203  f0c4		       85 02		      sta	WSYNC	; Wait for start of next scanline (CRITICAL)
    204  f0c6		       ca		      dex		; Decrement scanline counter
    205  f0c7		       d0 e3		      bne	ScanLoop	; Loop until all scanlines are drawn
    206  f0c9
    207  f0c9							; --- Overscan Period ---
    208  f0c9							; VBLANK signal should be active now (TIA does this automatically after 192 lines)
    209  f0c9		       a9 02		      lda	#2	; Re-assert VBLANK just to be sure? (Not strictly necessary but common)
    210  f0cb		       85 01		      sta	VBLANK
    211  f0cd
    212  f0cd							; Clear graphics during overscan (Important!)
    213  f0cd		       a9 00		      lda	#0
    214  f0cf		       85 1b		      sta	GRP0	; Turn off Player 0 GFX
    215  f0d1		       85 1c		      sta	GRP1	; Turn off Player 1 GFX (already off, but safe)
    216  f0d3		       85 1d		      sta	ENAM0	; Turn off Missile 0 GFX
    217  f0d5		       85 1e		      sta	ENAM1	; Turn off Missile 1 GFX
    218  f0d7		       85 1f		      sta	ENABL	; Turn off Ball GFX
    219  f0d9
    220  f0d9		       a2 1e		      ldx	#30	; Number of overscan lines
    221  f0db				   OverScanLoop
    222  f0db		       85 02		      sta	WSYNC	; Wait for next scanline
    223  f0dd		       ca		      dex
    224  f0de		       d0 fb		      bne	OverScanLoop
    225  f0e0
    226  f0e0		       a9 00		      lda	#0	; End VBLANK signal (Turn off VBLANK bit)
    227  f0e2		       85 01		      sta	VBLANK
    228  f0e4
    229  f0e4							; --- End of Frame ---
    230  f0e4		       4c 41 f0 	      jmp	MainLoop	; Go back to VBLANK for the next frame
    231  f0e7
    232  f0e7
    233  f0e7							;===============================================================================
    234  f0e7							; DATA
    235  f0e7							;===============================================================================
    236  f0e7				   PlayerShape
    237  f0e7		       18		      .byte.b	%00011000	; ..##.... (Simple block shape, 2 pixels wide)
    238  f0e8
    239  f0e8
    240  f0e8							;===============================================================================
    241  f0e8							; ROM Footer / Interrupt Vectors
    242  f0e8							;===============================================================================
    243  fffc					      org	$FFFC
    244  fffc		       00 f0		      .word.w	Reset	; NMI
    245  fffe		       00 f0		      .word.w	Reset	; RESET
    246  10000			00 f0		       .word.w	Reset	; IRQ/BRK
